// Jest Snapshot v1, https://goo.gl/fbAQLP

exports[`UserDetails.vue Renders correctly 1`] = `
<div>
  <h1>Student Profile</h1>
  <h2>Publicly visible:</h2>
  <base-text-field-stub label="First Name" id="firstName" value="Jane" placeholder="Richard"></base-text-field-stub>
  <base-text-field-stub label="Last Name" id="lastName" value="Doe" placeholder="Sanchez"></base-text-field-stub>
  <base-text-field-stub label="Preferred Name" id="preferredName" value="Janey" placeholder="Rick"></base-text-field-stub>
  <base-text-field-stub label="GitHub Username" id="githubUsername" value="jdoe" placeholder="rsanchez"></base-text-field-stub>
  <base-text-field-stub label="CodePen Username" id="codepenUsername" value="jdoe" placeholder="rsanchez"></base-text-field-stub>
</div>
`;
