// Jest Snapshot v1, https://goo.gl/fbAQLP

exports[`BaseTextField.vue Renders correctly 1`] = `
<fieldset class="half">
  <label for="id">label</label>
  <input id="id" name="id" type="text">
</fieldset>
`;
